// Jest Snapshot v1, https://goo.gl/fbAQLP

exports[`BorderBottomInput 스냅샷 테스트 1`] = `
<TextInput
  onChangeText={[Function]}
  placeholder="플레이스홀더"
  style={
    {
      "backgroundColor": "#ffffff",
      "borderBottomWidth": 1,
      "borderColor": "#121212",
      "fontSize": 16,
      "height": 40,
      "marginHorizontal": 20,
      "marginVertical": 10,
      "padding": 10,
      "textAlign": "left",
      "width": "auto",
    }
  }
  testID="input"
  value="value"
/>
`;
